[2025-08-27 14:05:49] Excel取込エラー
Microsoft.VisualBasic.ErrObject
Microsoft.VisualBasic.ErrObject
Microsoft.VisualBasic.ErrObject
Microsoft.VisualBasic.ErrObject
--------------------------------------------------
[2025-08-27 14:25:03] Excel取込エラー
Microsoft.VisualBasic.ErrObject
Microsoft.VisualBasic.ErrObject
Microsoft.VisualBasic.ErrObject
Microsoft.VisualBasic.ErrObject
Microsoft.VisualBasic.ErrObject
Microsoft.VisualBasic.ErrObject
--------------------------------------------------
[2025-08-27 14:31:21] Excel取込エラー
Microsoft.VisualBasic.ErrObject
Microsoft.VisualBasic.ErrObject
Microsoft.VisualBasic.ErrObject
Microsoft.VisualBasic.ErrObject
Microsoft.VisualBasic.ErrObject
--------------------------------------------------
[2025-08-27 14:32:37] Excel取込エラー
Microsoft.VisualBasic.ErrObject
Microsoft.VisualBasic.ErrObject
Microsoft.VisualBasic.ErrObject
Microsoft.VisualBasic.ErrObject
Microsoft.VisualBasic.ErrObject
--------------------------------------------------
[2025-08-27 14:36:09] Excel取込エラー
[1] 行目: 指示数が空です。
[2] 行目: 指示数が空です。
[3] 行目: 指示数が空です。
[4] 行目: 指示数が空です。
[5] 行目: 指示数が空です。
--------------------------------------------------
[2025-08-27 14:39:18] Excel取込エラー
[1] 行目: 例外エラー - String "" から型 'Integer' への変換は無効です。
[2] 行目: 例外エラー - String "" から型 'Integer' への変換は無効です。
[3] 行目: 例外エラー - String "" から型 'Integer' への変換は無効です。
[4] 行目: 例外エラー - String "" から型 'Integer' への変換は無効です。
[5] 行目: 例外エラー - String "" から型 'Integer' への変換は無効です。
--------------------------------------------------
[2025-08-27 14:52:28] Excel取込エラー
[1] 行目: 例外エラー - String "" から型 'Integer' への変換は無効です。
[2] 行目: 例外エラー - String "" から型 'Integer' への変換は無効です。
[3] 行目: 例外エラー - String "" から型 'Integer' への変換は無効です。
[4] 行目: 例外エラー - String "" から型 'Integer' への変換は無効です。
[5] 行目: 例外エラー - String "" から型 'Integer' への変換は無効です。
--------------------------------------------------
[2025-08-27 15:24:49] Excel取込エラー
[1] 行目: 例外エラー - String "" から型 'Integer' への変換は無効です。
[2] 行目: 例外エラー - String "" から型 'Integer' への変換は無効です。
[3] 行目: 例外エラー - String "" から型 'Integer' への変換は無効です。
[4] 行目: 例外エラー - String "" から型 'Integer' への変換は無効です。
[5] 行目: 例外エラー - String "" から型 'Integer' への変換は無効です。
--------------------------------------------------
